Testingfile weueghfwuegyuwerhgiuwheuwer

Testingfile weueghfwuegyuwerhgiuwheuwerTestingfile weueghfwuegyuwerhgiuwheuwerTestingfile weueghfwuegyuwerhgiuwheuwerTestingfile weueghfwuegyuwerhgiuwheuwerTestingfile weueghfwuegyuwerhgiuwheuwerTestingfile weueghfwuegyuwerhgiuwheuwerTestingfile weueghfwuegyuwerhgiuwheuwerTestingfile weueghfwuegyuwerhgiuwheuwer
Testingfile weueghfwuegyuwerhgiuwheuwerTestingfile weueghfwuegyuwerhgiuwheuwer
Testingfile weueghfwuegyuwerhgiuwheuwer
Testingfile weueghfwuegyuwerhgiuwheuwer
Testingfile weueghfwuegyuwerhgiuwheuwer



lwkehfkjqwhefjhqwekjfqwe
